// Jest Snapshot v1, https://goo.gl/fbAQLP

exports[`<Contents/> should render correctly. 1`] = `
<UnmountClosed
  isOpened={false}
  springConfig={
    Object {
      "damping": 30,
      "stiffness": 300,
    }
  }
>
  <div
    aria-hidden="true"
    className="panelContentsClassName"
  >
    Foo children
  </div>
</UnmountClosed>
`;

exports[`<Header/> should render correctly. 1`] = `
<div
  aria-expanded={false}
  onClick={[MockFunction]}
  role="button"
>
  <Component
    className="panelHeadlineClassName"
    type="h2"
  >
    Foo children
  </Component>
  <Component
    className="panelToggleBtnClassName"
    hoverStyle="clean"
    icon="closed-icon-prop"
  />
</div>
`;

exports[`<StatelessToggablePanel/> should render correctly. 1`] = `
<section
  className="baseClassName"
>
  Foo children
</section>
`;

exports[`<ToggablePanel/> should render correctly. 1`] = `
<StatelessToggablePanel
  HeadlineComponent={[Function]}
  IconButtonComponent={[Function]}
  isOpen={true}
  onPanelToggle={[Function]}
  theme={
    Object {
      "panel": "baseClassName",
      "panel--isOpen": "isOpenClassName",
      "panel__contents": "panelContentsClassName",
      "panel__headline": "panelHeadlineClassName",
    }
  }
>
  <Header
    HeadlineComponent={[Function]}
    IconButtonComponent={[Function]}
    closedIcon="chevron-circle-down"
    isPanelOpen={true}
    key="header"
    openedIcon="chevron-circle-up"
    theme={
      Object {
        "panel": "baseClassName",
        "panel--isOpen": "isOpenClassName",
        "panel__contents": "panelContentsClassName",
        "panel__headline": "panelHeadlineClassName",
      }
    }
  >
    My Header
  </Header>
  <Contents
    HeadlineComponent={[Function]}
    IconButtonComponent={[Function]}
    isPanelOpen={true}
    key="contents"
    theme={
      Object {
        "panel": "baseClassName",
        "panel--isOpen": "isOpenClassName",
        "panel__contents": "panelContentsClassName",
        "panel__headline": "panelHeadlineClassName",
      }
    }
  >
    My my Content
  </Contents>
</StatelessToggablePanel>
`;
