// Jest Snapshot v1, https://goo.gl/fbAQLP

exports[`<Dialog/> Content should render correctly. 1`] = `
<div
  className="contentsPositionClassName"
  tabIndex={0}
>
  <div
    className="contentsClassName"
  >
    <div
      className="titleClassName"
    >
      Foo title
    </div>
    <div
      className="bodyClassName errorClassName dialog__body"
    >
      Foo children
    </div>
    <div
      className="actionsClassName"
    >
      <span
        key="0/.0"
      >
        Foo 1
      </span>
      <span
        key="1/.1"
      >
        Foo 2
      </span>
    </div>
  </div>
</div>
`;

exports[`<Dialog/> Portal should render correctly. 1`] = `
<CloseOnEscape
  onEscape={[Function]}
>
  <Portal>
    <section
      autoFocus={true}
      className="dialogClassName wideClassName errorClassName"
      role="dialog"
      tabIndex={0}
    >
      <clickOutside(DialogWithoutEscape)
        actions={
          Array [
            "Foo 1",
            "Foo 2",
          ]
        }
        autoFocus={true}
        isOpen={true}
        onRequestClose={[Function]}
        style="wide"
        theme={
          Object {
            "dialog": "dialogClassName",
            "dialog--error": "errorClassName",
            "dialog--jumbo": "jumboClassName",
            "dialog--narrow": "narrowClassName",
            "dialog--success": "successClassName",
            "dialog--warn": "warnClassName",
            "dialog--wide": "wideClassName",
            "dialog__actions": "actionsClassName",
            "dialog__body": "bodyClassName",
            "dialog__closeBtn": "closeBtnClassName",
            "dialog__contents": "contentsClassName",
            "dialog__contentsPosition": "contentsPositionClassName",
            "dialog__title": "titleClassName",
          }
        }
        title="Foo title"
        type="error"
      >
        Foo children
      </clickOutside(DialogWithoutEscape)>
    </section>
  </Portal>
</CloseOnEscape>
`;
