// Jest Snapshot v1, https://goo.gl/fbAQLP

exports[`<Panel/> should render correctly. 1`] = `
<div
  className="panelBaseClassName"
>
  Foo children
</div>
`;
