// Jest Snapshot v1, https://goo.gl/fbAQLP

exports[`<TreeNode/> should render correctly. 1`] = `
<div
  role="treeitem"
>
  Foo children
</div>
`;
